     1                                  SECTION .bss
     2 00000000 ??                      	Buff resb 1
     3                                  
     4                                  SECTION .data
     5                                  
     6                                  SECTION .text
     7                                  	global _start
     8                                  
     9                                  _start:
    10 00000000 90                      		nop				; Keep our capricious debugger happy
    11                                  
    12 00000001 B803000000              Read:	mov eax,3		; Specify sys_read call
    13 00000006 BB00000000              		mov ebx,0		; Specify File Descriptor 0: Standard Input
    14 0000000B B9[00000000]            		mov ecx,Buff	; Pass address of buffer to read to
    15 00000010 BA01000000              		mov edx,1		; Tell sys_read to read on char from stdin
    16 00000015 CD80                    		int 80H			; Call sys_read
    17                                  
    18 00000017 83F800                  		cmp eax,0		; Look at sys_read's return value in EAX
    19 0000001A 7431                    		je Exit			; Jump If Equal to 0 (0 means EOF) to Exit
    20                                  
    21 0000001C 803D[00000000]61        		cmp byte [Buff],61H		; Test input char against lowercase 'a'
    22 00000023 7210                    		jb Write				; If below 'a' in ASCII chart, not lowercase
    23 00000025 803D[00000000]7A        		cmp byte [Buff],7AH		; Test input char against lowercase 'z'
    24 0000002C 7707                    		ja Write				; If above 'z' in ASCII chart, not lowercase
    25                                  								; --> At this point, the char is lowercase
    26 0000002E 802D[00000000]20        		sub byte [Buff],20H
    27                                  
    28                                  Write:
    29 00000035 B804000000              		mov eax,4		; Code for sys_write call
    30 0000003A BB01000000              		mov ebx,1		; Specify File Descriptor 1: Standard Output
    31 0000003F B9[00000000]            		mov ecx,Buff	; Pass address of the character to write
    32 00000044 BA01000000              		mov edx,1		; Pass number of chars to write
    33 00000049 CD80                    		int 80H			; Call sys_write
    34 0000004B EBB4                    		jmp Read		; Go back to Read to get another character
    35                                  
    36                                  
    37 0000004D B801000000              Exit:	mov eax,1		; Code for Exit Systcall
    38 00000052 BB00000000              		mov ebx,0		; Return a code of zero to Linux
    39 00000057 CD80                    		int 80H			; Make kernel call to exit program
